{"level":"warn","message":"Redis connection failed, continuing without cache","service":"master-blog-backend","timestamp":"2026-04-04 20:45:29"}
{"level":"warn","message":"Redis connection failed, continuing without cache","service":"master-blog-backend","timestamp":"2026-04-04 20:45:30"}
{"level":"warn","message":"Redis connection failed, continuing without cache","service":"master-blog-backend","timestamp":"2026-04-04 20:45:30"}
{"level":"warn","message":"Redis connection failed, continuing without cache","service":"master-blog-backend","timestamp":"2026-04-04 20:45:41"}
{"level":"warn","message":"Redis connection failed, continuing without cache","service":"master-blog-backend","timestamp":"2026-04-04 20:45:41"}
{"level":"warn","message":"Redis connection failed, continuing without cache","service":"master-blog-backend","timestamp":"2026-04-04 20:45:41"}
{"level":"warn","message":"Redis connection failed, continuing without cache","service":"master-blog-backend","timestamp":"2026-04-04 20:45:56"}
{"level":"warn","message":"Redis connection failed, continuing without cache","service":"master-blog-backend","timestamp":"2026-04-04 20:45:57"}
{"level":"warn","message":"Redis connection failed, continuing without cache","service":"master-blog-backend","timestamp":"2026-04-04 20:45:57"}
{"level":"warn","message":"Redis connection failed, continuing without cache","service":"master-blog-backend","timestamp":"2026-04-04 20:46:07"}
{"level":"warn","message":"Redis connection failed, continuing without cache","service":"master-blog-backend","timestamp":"2026-04-04 20:46:07"}
{"level":"warn","message":"Redis connection failed, continuing without cache","service":"master-blog-backend","timestamp":"2026-04-04 20:46:07"}
{"level":"warn","message":"Redis connection failed, continuing without cache","service":"master-blog-backend","timestamp":"2026-04-04 20:46:18"}
{"level":"warn","message":"Redis connection failed, continuing without cache","service":"master-blog-backend","timestamp":"2026-04-04 20:46:18"}
{"level":"warn","message":"Redis connection failed, continuing without cache","service":"master-blog-backend","timestamp":"2026-04-04 20:46:18"}
{"level":"warn","message":"Redis connection failed, continuing without cache","service":"master-blog-backend","timestamp":"2026-04-04 20:46:42"}
{"level":"warn","message":"Redis connection failed, continuing without cache","service":"master-blog-backend","timestamp":"2026-04-04 20:46:42"}
{"level":"warn","message":"Redis connection failed, continuing without cache","service":"master-blog-backend","timestamp":"2026-04-04 20:46:42"}
{"level":"info","message":"Server started on port 5000","service":"master-blog-backend","timestamp":"2026-04-04 20:46:55"}
{"level":"warn","message":"Redis connection failed, continuing without cache","service":"master-blog-backend","timestamp":"2026-04-04 20:46:55"}
{"level":"warn","message":"Redis connection failed, continuing without cache","service":"master-blog-backend","timestamp":"2026-04-04 20:46:55"}
{"level":"warn","message":"Redis connection failed, continuing without cache","service":"master-blog-backend","timestamp":"2026-04-04 20:46:55"}
{"level":"info","message":"Server started on port 5000","service":"master-blog-backend","timestamp":"2026-04-04 20:47:16"}
{"level":"warn","message":"Redis connection failed, continuing without cache","service":"master-blog-backend","timestamp":"2026-04-04 20:47:16"}
{"level":"warn","message":"Redis connection failed, continuing without cache","service":"master-blog-backend","timestamp":"2026-04-04 20:47:16"}
{"level":"warn","message":"Redis connection failed, continuing without cache","service":"master-blog-backend","timestamp":"2026-04-04 20:47:16"}
{"level":"info","message":"Server started on port 5000","service":"master-blog-backend","timestamp":"2026-04-04 20:47:33"}
{"level":"warn","message":"Redis connection failed, continuing without cache","service":"master-blog-backend","timestamp":"2026-04-04 20:47:33"}
{"level":"warn","message":"Redis connection failed, continuing without cache","service":"master-blog-backend","timestamp":"2026-04-04 20:47:33"}
{"level":"warn","message":"Redis connection failed, continuing without cache","service":"master-blog-backend","timestamp":"2026-04-04 20:47:34"}
{"level":"info","message":"Server started on port 5000","service":"master-blog-backend","timestamp":"2026-04-04 21:08:42"}
{"level":"warn","message":"Redis connection failed, continuing without cache","service":"master-blog-backend","timestamp":"2026-04-04 21:08:42"}
{"level":"warn","message":"Redis connection failed, continuing without cache","service":"master-blog-backend","timestamp":"2026-04-04 21:08:42"}
{"level":"warn","message":"Redis connection failed, continuing without cache","service":"master-blog-backend","timestamp":"2026-04-04 21:08:42"}
{"level":"error","message":"Cannot set property query of #<IncomingMessage> which has only a getter","path":"/api/posts?limit=6","service":"master-blog-backend","stack":"TypeError: Cannot set property query of #<IncomingMessage> which has only a getter\n    at C:\\Users\\siddu\\Pictures\\Blogging Website\\master-blog-platform\\backend\\node_modules\\express-mongo-sanitize\\index.js:113:18\n    at Array.forEach (<anonymous>)\n    at C:\\Users\\siddu\\Pictures\\Blogging Website\\master-blog-platform\\backend\\node_modules\\express-mongo-sanitize\\index.js:110:44\n    at Layer.handleRequest (C:\\Users\\siddu\\Pictures\\Blogging Website\\master-blog-platform\\backend\\node_modules\\router\\lib\\layer.js:152:17)\n    at trimPrefix (C:\\Users\\siddu\\Pictures\\Blogging Website\\master-blog-platform\\backend\\node_modules\\router\\index.js:342:13)\n    at C:\\Users\\siddu\\Pictures\\Blogging Website\\master-blog-platform\\backend\\node_modules\\router\\index.js:297:9\n    at processParams (C:\\Users\\siddu\\Pictures\\Blogging Website\\master-blog-platform\\backend\\node_modules\\router\\index.js:582:12)\n    at next (C:\\Users\\siddu\\Pictures\\Blogging Website\\master-blog-platform\\backend\\node_modules\\router\\index.js:291:5)\n    at cookieParser (C:\\Users\\siddu\\Pictures\\Blogging Website\\master-blog-platform\\backend\\node_modules\\cookie-parser\\index.js:57:14)\n    at Layer.handleRequest (C:\\Users\\siddu\\Pictures\\Blogging Website\\master-blog-platform\\backend\\node_modules\\router\\lib\\layer.js:152:17)","timestamp":"2026-04-04 21:08:54"}
{"level":"info","message":"Server started on port 5000","service":"master-blog-backend","timestamp":"2026-04-04 21:10:04"}
{"level":"warn","message":"Redis connection failed, continuing without cache","service":"master-blog-backend","timestamp":"2026-04-04 21:10:04"}
{"level":"warn","message":"Redis connection failed, continuing without cache","service":"master-blog-backend","timestamp":"2026-04-04 21:10:04"}
{"level":"warn","message":"Redis connection failed, continuing without cache","service":"master-blog-backend","timestamp":"2026-04-04 21:10:04"}
{"level":"info","message":"Requested: GET /api/posts?limit=6","service":"master-blog-backend","timestamp":"2026-04-04 21:10:16"}
{"level":"info","message":"Requested: GET /api/posts?cat=General&limit=6","service":"master-blog-backend","timestamp":"2026-04-04 21:10:20"}
{"level":"info","message":"Requested: GET /api/posts?limit=6","service":"master-blog-backend","timestamp":"2026-04-04 21:10:21"}
{"level":"info","message":"Requested: GET /api/posts?cat=Tech&limit=6","service":"master-blog-backend","timestamp":"2026-04-04 21:10:22"}
{"level":"info","message":"Requested: GET /api/posts?cat=Lifestyle&limit=6","service":"master-blog-backend","timestamp":"2026-04-04 21:10:23"}
{"level":"info","message":"Requested: GET /api/posts?cat=Coding&limit=6","service":"master-blog-backend","timestamp":"2026-04-04 21:10:24"}
{"level":"info","message":"Requested: GET /api/posts?cat=Design&limit=6","service":"master-blog-backend","timestamp":"2026-04-04 21:10:25"}
{"level":"info","message":"Server started on port 5000","service":"master-blog-backend","timestamp":"2026-04-28 13:26:23"}
{"level":"warn","message":"Redis connection failed, continuing without cache","service":"master-blog-backend","timestamp":"2026-04-28 13:26:23"}
{"level":"warn","message":"Redis connection failed, continuing without cache","service":"master-blog-backend","timestamp":"2026-04-28 13:26:23"}
{"level":"warn","message":"Redis connection failed, continuing without cache","service":"master-blog-backend","timestamp":"2026-04-28 13:26:23"}
{"level":"info","message":"Requested: GET /api/posts?limit=6","service":"master-blog-backend","timestamp":"2026-04-28 13:26:44"}
{"level":"info","message":"Requested: GET /api/posts?cat=General&limit=6","service":"master-blog-backend","timestamp":"2026-04-28 13:26:48"}
{"level":"info","message":"Server started on port 5000","service":"master-blog-backend","timestamp":"2026-04-28 13:27:44"}
{"level":"warn","message":"Redis connection failed, continuing without cache","service":"master-blog-backend","timestamp":"2026-04-28 13:27:44"}
{"level":"warn","message":"Redis connection failed, continuing without cache","service":"master-blog-backend","timestamp":"2026-04-28 13:27:44"}
{"level":"warn","message":"Redis connection failed, continuing without cache","service":"master-blog-backend","timestamp":"2026-04-28 13:27:44"}
{"level":"info","message":"Requested: GET /api/posts?limit=6","service":"master-blog-backend","timestamp":"2026-04-28 13:27:58"}
{"level":"info","message":"Requested: POST /api/auth/login","service":"master-blog-backend","timestamp":"2026-04-28 13:31:24"}
{"level":"info","message":"Requested: GET /api/posts/user/me","service":"master-blog-backend","timestamp":"2026-04-28 13:31:25"}
{"level":"info","message":"Requested: GET /api/posts/user/me","service":"master-blog-backend","timestamp":"2026-04-28 13:31:25"}
{"level":"info","message":"Requested: POST /api/posts","service":"master-blog-backend","timestamp":"2026-04-28 13:32:01"}
{"level":"info","message":"Requested: GET /api/posts/user/me","service":"master-blog-backend","timestamp":"2026-04-28 13:32:03"}
{"level":"info","message":"Requested: GET /api/posts?limit=6","service":"master-blog-backend","timestamp":"2026-04-28 13:32:11"}
{"level":"info","message":"Requested: GET /api/posts?limit=6","service":"master-blog-backend","timestamp":"2026-04-28 13:32:11"}
{"level":"info","message":"Requested: GET /api/posts?cat=General&limit=6","service":"master-blog-backend","timestamp":"2026-04-28 13:32:16"}
{"level":"info","message":"Requested: GET /api/posts?cat=Tech&limit=6","service":"master-blog-backend","timestamp":"2026-04-28 13:32:17"}
{"level":"info","message":"Requested: GET /api/posts?cat=Lifestyle&limit=6","service":"master-blog-backend","timestamp":"2026-04-28 13:32:18"}
{"level":"info","message":"Requested: GET /api/posts?cat=General&limit=6","service":"master-blog-backend","timestamp":"2026-04-28 13:32:19"}
{"level":"info","message":"Requested: GET /api/posts?limit=6","service":"master-blog-backend","timestamp":"2026-04-28 13:32:20"}
{"level":"info","message":"Requested: GET /api/posts?cat=Coding&limit=6","service":"master-blog-backend","timestamp":"2026-04-28 13:32:20"}
{"level":"info","message":"Requested: GET /api/posts?cat=Design&limit=6","service":"master-blog-backend","timestamp":"2026-04-28 13:32:21"}
{"level":"info","message":"Requested: GET /api/posts/user/me","service":"master-blog-backend","timestamp":"2026-04-28 13:32:22"}
{"level":"info","message":"Requested: GET /api/posts/user/me","service":"master-blog-backend","timestamp":"2026-04-28 13:32:22"}
{"level":"info","message":"Requested: GET /api/posts?limit=6","service":"master-blog-backend","timestamp":"2026-04-28 13:32:25"}
{"level":"info","message":"Requested: GET /api/posts?limit=6","service":"master-blog-backend","timestamp":"2026-04-28 13:32:25"}
{"level":"info","message":"Requested: GET /api/posts/hello","service":"master-blog-backend","timestamp":"2026-04-28 13:32:53"}
{"level":"info","message":"Requested: GET /api/comments/69f06979f6ba3012e5ceddd0","service":"master-blog-backend","timestamp":"2026-04-28 13:32:53"}
{"level":"info","message":"Requested: GET /api/posts?limit=6","service":"master-blog-backend","timestamp":"2026-04-28 13:33:00"}
{"level":"info","message":"Requested: GET /api/posts?limit=6","service":"master-blog-backend","timestamp":"2026-04-28 13:33:00"}
{"level":"info","message":"Requested: GET /api/posts/hello","service":"master-blog-backend","timestamp":"2026-04-28 13:33:02"}
{"level":"info","message":"Requested: GET /api/comments/69f06979f6ba3012e5ceddd0","service":"master-blog-backend","timestamp":"2026-04-28 13:33:03"}
{"level":"info","message":"Requested: GET /api/comments/69f06979f6ba3012e5ceddd0","service":"master-blog-backend","timestamp":"2026-04-28 13:33:03"}
